=== M1_never_split
   baseline green ✅ (1 named title(s) ran and passed)
✅ CAUGHT:
FAILPF2 a stack of Glows — text x4: a filter list held 4 drop-shadows | text x8: a filter list held 8 drop-shadows | text at the edge x4: a filter list held 4 drop-shadows | text at the edge x8: a filter list held 8 drop-shadows | shape x4: a filter list held 4 drop-shadows | shape x8: a filter li
=== M2_no_pad
→ baseline: these titles were proven green on this exact tree already (cached)
✅ CAUGHT:
FAILPF2 a stack of Glows — text x8: picture differs from the one-list filter, max 3 on 302 px | shape at the edge x4: picture differs from the one-list filter, max 24 on 3067 px | shape at the edge x8: picture differs from the one-list filter, max 35 on 3564 px
=== M3_post_effects_dropped
→ baseline: these titles were proven green on this exact tree already (cached)
✅ CAUGHT:
FAILPF2 a stack of Glows — shape + after x4: picture differs from the one-list filter, max 201 on 19009 px | shape + after x8: picture differs from the one-list filter, max 153 on 24421 px
=== M4_opacity_after
→ baseline: these titles were proven green on this exact tree already (cached)
✅ CAUGHT:
FAILPF2 a stack of Glows — shape + shadow x4: picture differs from the one-list filter, max 98 on 21137 px | shape + shadow x8: picture differs from the one-list filter, max 102 on 27941 px | text at the edge + shadow x4: picture differs from the one-list filter, max 102 on 24486 px | text at the 
=== M5_shadow_dropped
→ baseline: these titles were proven green on this exact tree already (cached)
✅ CAUGHT:
FAILPF2 a stack of Glows — shape + shadow x4: picture differs from the one-list filter, max 182 on 8891 px | shape + shadow x8: picture differs from the one-list filter, max 177 on 11581 px | text at the edge + shadow x4: picture differs from the one-list filter, max 182 on 20109 px | text at the 
=== M6_offframe_ignored
→ baseline: these titles were proven green on this exact tree already (cached)
❌ SURVIVED — the mutation broke the code and every named test ran and still passed.
   The assertion is DEAD (or the named tests do not cover this code).
=== M7_pre_blur_ignored
→ baseline: these titles were proven green on this exact tree already (cached)
❌ SURVIVED — the mutation broke the code and every named test ran and still passed.
   The assertion is DEAD (or the named tests do not cover this code).
ALLDONE
