2026-09-05 07:50 995c64f PROVEN CAUGHT
2026-09-05 07:50 8d6e52a PROVEN CAUGHT
2026-09-05 07:51 f139706 PROVEN CAUGHT
2026-09-05 07:53 995c64f PROVEN CAUGHT
2026-09-05 07:53 f139706 PROVEN CAUGHT
2026-09-05 07:53 8d6e52a PROVEN CAUGHT
2026-09-05 07:53 fd49bcd NOT-PROVEN DEAD CAUGHT (superseded: the dead row was the false premise #779 fixed in v15.57; v15.57 itself is PROVEN)
2026-09-05 07:54 fd49bcd NOT-PROVEN DEAD CAUGHT (superseded: the dead row was the false premise #779 fixed in v15.57; v15.57 itself is PROVEN)
2026-09-05 07:57 94141fb PROVEN CAUGHT CAUGHT
2026-09-05 07:58 0bf6bda PROVEN CAUGHT
2026-09-05 07:59 7f494cd PROVEN CAUGHT
2026-09-05 08:00 ef2a0a8 PROVEN CAUGHT
2026-09-05 08:01 586be4d tests-only (re-classified: only the version label changed)
2026-09-05 08:04 48cbd73 PROVEN CAUGHT DEAD
2026-09-05 08:04 1d24780 PROVEN CAUGHT
2026-09-05 08:05 cbd1c22 PROVEN CAUGHT
2026-09-05 08:05 48cbd73 PROVEN CAUGHT DEAD
2026-09-05 08:08 b3b7baf PROVEN CAUGHT
2026-09-05 08:08 ce1778a PROVEN CAUGHT
2026-09-05 08:09 a441694 PROVEN CAUGHT
2026-09-05 08:10 af80f85 PROVEN CAUGHT
2026-09-05 08:13 55a78fa PROVEN CAUGHT
2026-09-05 08:13 f1ae660 PROVEN CAUGHT
2026-09-05 08:13 ba36c30 NOT-PROVEN NO-CONTROL
2026-09-05 08:13 d1847fc PROVEN CAUGHT
2026-09-05 08:16 7d4ea8c PROVEN CAUGHT
2026-09-05 08:18 a5d5dcb PROVEN CAUGHT
2026-09-05 08:18 820b1f8 PROVEN CAUGHT
2026-09-05 08:18 70cd5a0 PROVEN CAUGHT
2026-09-05 08:19 3a5dca3 PROVEN CAUGHT
2026-09-05 08:20 0061ffc PROVEN CAUGHT
2026-09-05 08:20 8d87371 PROVEN CAUGHT
2026-09-05 08:36 6b7379c pre-filter (re-classified: the runner at that commit predates ?only=, so the control ran the whole suite)
2026-09-05 08:45 dabc2a1 pre-filter (re-classified: the runner at that commit predates ?only=, so the control ran the whole suite)
2026-09-05 08:46 48cf7e6 pre-filter (re-classified: the runner at that commit predates ?only=, so the control ran the whole suite)
2026-09-05 08:54 2080141 pre-filter (re-classified: the runner at that commit predates ?only=, so the control ran the whole suite)
2026-09-05 08:56 844f92a PROVEN CAUGHT
2026-09-05 09:04 15d2ae5 PROVEN CAUGHT
2026-09-05 09:17 1c8793f NO-TEST
2026-09-05 09:29 5a75cbd PROVEN DEAD DEAD CAUGHT CAUGHT CAUGHT DEAD CAUGHT
2026-09-05 09:33 3687194 pre-filter (re-classified: the runner at that commit predates ?only=, so the control ran the whole suite)
2026-09-05 09:37 8015c6d PROVEN CAUGHT
2026-09-05 09:42 a653a6f PROVEN CAUGHT CAUGHT CAUGHT
2026-09-05 09:52 a653a6f PROVEN CAUGHT CAUGHT CAUGHT
2026-09-05 09:54 5a67b6e pre-filter (re-classified: the runner at that commit predates ?only=, so the control ran the whole suite)
2026-09-05 09:56 8edf064 tests-only
2026-09-05 09:59 b4f8086 PROVEN CAUGHT
2026-09-05 10:02 6279911 PROVEN CAUGHT CAUGHT CAUGHT CAUGHT CAUGHT CAUGHT CAUGHT
2026-09-05 10:02 b4f8086 PROVEN CAUGHT
2026-09-05 12:22 ba36c30 PROVEN CAUGHT
2026-09-05 12:35 6b7379c pre-filter (re-classified: the runner at that commit predates ?only=, so the control ran the whole suite)
2026-09-05 12:55 dabc2a1 pre-filter (re-classified: the runner at that commit predates ?only=, so the control ran the whole suite)
2026-09-05 13:05 48cf7e6 pre-filter (re-classified: the runner at that commit predates ?only=, so the control ran the whole suite)
2026-09-05 13:37 2080141 pre-filter (re-classified: the runner at that commit predates ?only=, so the control ran the whole suite)
2026-09-05 13:58 3687194 pre-filter (re-classified: the runner at that commit predates ?only=, so the control ran the whole suite)
2026-09-05 14:40 5a67b6e pre-filter (re-classified: the runner at that commit predates ?only=, so the control ran the whole suite)
2026-09-05 14:41 3687194 pre-filter
2026-09-05 17:20 f1483f1 PROVEN CAUGHT
2026-09-05 17:21 da6979a PROVEN CAUGHT CAUGHT
2026-09-05 17:21 e3e49df PROVEN CAUGHT
2026-09-05 17:21 b94315e PROVEN CAUGHT
2026-09-05 17:50 fae40bb PROVEN CAUGHT
2026-09-05 17:51 c9d8ee9 PROVEN CAUGHT
2026-09-05 17:51 bef4c7e PROVEN CAUGHT
2026-09-05 17:51 cf586b8 PROVEN CAUGHT
2026-09-05 18:34 65e4bdb PROVEN CAUGHT DEAD
2026-09-05 18:34 8f8ef90 PROVEN CAUGHT
2026-09-05 18:34 27c80f7 PROVEN CAUGHT
2026-09-05 18:34 2166e92 tests-only
2026-09-05 18:35 b196abc PROVEN CAUGHT
2026-09-05 19:15 3e2caee PROVEN CAUGHT
2026-09-05 19:15 92adc99 PROVEN CAUGHT
2026-09-05 19:15 d1c164a PROVEN CAUGHT
2026-09-05 19:16 b4ad4dd PROVEN CAUGHT
2026-09-05 19:57 02bf6e3 PROVEN CAUGHT
2026-09-05 19:57 1a5f069 PROVEN CAUGHT
2026-09-05 19:57 0a077d0 PROVEN CAUGHT
2026-09-05 19:57 bc6917e PROVEN CAUGHT
2026-09-05 20:34 5c10cff PROVEN CAUGHT
2026-09-05 20:34 62420b4 PROVEN CAUGHT
2026-09-05 20:34 ac3cc18 PROVEN DEAD CAUGHT
2026-09-05 20:35 f877fcb PROVEN CAUGHT
2026-09-05 20:57 0934ee0 PROVEN DEAD CAUGHT
2026-09-05 20:57 e1d7dcc PROVEN CAUGHT
2026-09-05 20:58 bb368a6 PROVEN DEAD CAUGHT
2026-09-05 20:58 af33951 PROVEN CAUGHT
2026-09-05 21:19 6d3a1f4 PROVEN CAUGHT CAUGHT
2026-09-05 21:20 301bb52 PROVEN CAUGHT CAUGHT CAUGHT CAUGHT
2026-09-05 21:20 beff0c0 PROVEN CAUGHT CAUGHT
2026-09-05 21:21 33c1722 PROVEN CAUGHT CAUGHT CAUGHT CAUGHT
2026-09-05 21:40 2f6d884 PROVEN CAUGHT DEAD
2026-09-05 21:40 c7f8f11 PROVEN CAUGHT
2026-09-05 22:57 e65361d PROVEN DEAD DEAD CAUGHT CAUGHT CAUGHT CAUGHT
2026-09-05 23:30 a56f265 PROVEN CAUGHT CAUGHT
2026-09-05 23:53 4d1dcbf PROVEN CAUGHT CAUGHT CAUGHT CAUGHT
2026-09-06 00:15 ba8d2e3 PROVEN CAUGHT
2026-09-06 00:40 0b1807b PROVEN CAUGHT
2026-09-06 01:18 f5fb8fb PROVEN CAUGHT
2026-09-06 02:06 28a2751 PROVEN CAUGHT CAUGHT CAUGHT
2026-09-06 02:38 a0dfaf8 PROVEN CAUGHT DEAD
2026-09-06 03:22 d1e25b9 PROVEN DEAD CAUGHT DEAD
2026-09-06 03:52 55f3d67 PROVEN CAUGHT
2026-09-06 04:24 275e2dc PROVEN CAUGHT
2026-09-06 05:08 d455998 PROVEN CAUGHT
2026-09-06 05:40 175fa52 PROVEN CAUGHT
2026-09-06 06:10 c2e0eac PROVEN CAUGHT
2026-09-06 07:17 5ca3ff4 PROVEN DEAD DEAD CAUGHT DEAD
2026-09-06 08:25 548fc51 PROVEN CAUGHT DEAD CAUGHT
2026-09-06 09:45 125e1bb PROVEN CAUGHT
2026-09-06 12:34 ecc03f3 PROVEN DEAD DEAD DEAD CAUGHT CAUGHT CAUGHT
2026-09-06 12:34 20bba22 PROVEN CAUGHT CAUGHT CAUGHT CAUGHT CAUGHT
2026-09-06 12:35 743cbff PROVEN CAUGHT CAUGHT CAUGHT
2026-09-06 14:31 f7ed15b PROVEN CAUGHT CAUGHT CAUGHT CAUGHT CAUGHT CAUGHT CAUGHT CAUGHT CAUGHT
2026-09-06 16:03 01b5502 PROVEN CAUGHT CAUGHT CAUGHT CAUGHT
2026-09-06 16:04 e3bfff1 PROVEN CAUGHT CAUGHT CAUGHT
2026-09-06 23:19 200464e PROVEN DEAD CAUGHT CAUGHT CAUGHT CAUGHT
2026-09-06 23:20 1ed9c26 PROVEN CAUGHT CAUGHT CAUGHT CAUGHT CAUGHT
2026-09-07 00:22 e1f5fde PROVEN CAUGHT CAUGHT DEAD
2026-09-07 01:14 3561f65 PROVEN CAUGHT DEAD CAUGHT
2026-09-07 01:14 a285fb6 PROVEN DEAD CAUGHT
2026-09-07 01:15 3561f65 PROVEN CAUGHT DEAD CAUGHT
2026-09-07 02:03 8d8fbc7 PROVEN CAUGHT
2026-09-07 02:54 3bbbd48 PROVEN CAUGHT
2026-09-07 02:54 14877cb tests-only
2026-09-07 11:17 3b60743 PROVEN CAUGHT
2026-09-07 11:18 1118f5a PROVEN CAUGHT CAUGHT
2026-09-07 11:18 e67d6ae tests-only
2026-09-07 12:03 3620025 PROVEN CAUGHT CAUGHT CAUGHT CAUGHT
2026-09-07 12:59 bd3f5a6 PROVEN CAUGHT CAUGHT CAUGHT
2026-09-07 13:47 813fb78 PROVEN CAUGHT DEAD DEAD CAUGHT DEAD DEAD
2026-09-07 13:48 1c8793f superseded — v13.47 changed one CSS offset (#606 clause 1, the add-row grip) with no test; the alignment is pinned now by the 606 test at tests/tests.js (same x to the half pixel at 380 and 440), which post-dates that release. Nothing to re-prove in the old commit: a NO-TEST from before the prove gate existed is not a defect, and left in the list it trains the reader to ignore a list that must be read.
2026-09-10 18:05 f523aac PROVEN CAUGHT CAUGHT CAUGHT
2026-09-10 19:50 779ff54 PROVEN DEAD DEAD CAUGHT
2026-09-10 21:52 16ca1e8 PROVEN CAUGHT CAUGHT
2026-09-11 00:50 f77bee7 PROVEN CAUGHT
2026-09-22 12:44 179b1a20 PROVEN DEAD CAUGHT DEAD DEAD
2026-09-22 12:44 a99bcf88 PROVEN CAUGHT
2026-09-22 12:44 35c1fe76 PROVEN CAUGHT
2026-09-22 12:45 1354e647 PROVEN CAUGHT CAUGHT
2026-09-22 12:45 0a54f0b0 PROVEN CAUGHT CAUGHT DEAD CAUGHT DEAD
2026-09-22 12:46 6bb7f072 PROVEN CAUGHT
2026-09-22 12:46 00ec300c tests-only
2026-09-22 12:46 00ec300c tests-only
2026-09-22 12:46 a78687f2 PROVEN DEAD CAUGHT
2026-09-22 12:47 9f7f7cef PROVEN CAUGHT CAUGHT CAUGHT
2026-09-22 12:48 b729ac60 PROVEN CAUGHT CAUGHT
2026-09-22 12:48 353394d1 PROVEN CAUGHT
2026-09-22 12:48 05eff191 PROVEN CAUGHT
2026-09-22 12:50 cd48dfdf PROVEN DEAD DEAD CAUGHT DEAD CAUGHT CAUGHT
2026-09-22 12:51 a71dc0dd PROVEN CAUGHT
2026-09-22 12:51 ebf6d4b7 PROVEN CAUGHT
2026-09-22 12:51 53a05c6b PROVEN CAUGHT
2026-09-22 12:51 0155097a PROVEN CAUGHT
2026-09-22 12:52 63b0aebc PROVEN CAUGHT
2026-09-22 12:52 978391f3 PROVEN CAUGHT
2026-09-22 12:52 35a6e7d1 PROVEN CAUGHT
2026-09-22 12:58 27b7c501 PROVEN DEAD CAUGHT
2026-09-22 12:58 a5ce3caa PROVEN CAUGHT
2026-09-22 12:58 ba5c297f PROVEN CAUGHT
2026-09-22 12:59 d132cb78 PROVEN CAUGHT CAUGHT CAUGHT
2026-09-22 12:59 58881533 PROVEN CAUGHT CAUGHT CAUGHT
2026-09-22 12:59 8eae4767 PROVEN CAUGHT
2026-09-22 13:00 28292983 PROVEN DEAD CAUGHT
2026-09-22 13:00 b9c6a8e3 PROVEN CAUGHT
2026-09-22 13:01 85cc9a42 PROVEN DEAD DEAD CAUGHT CAUGHT
2026-09-22 13:01 dd18b1a0 PROVEN CAUGHT CAUGHT
2026-09-22 13:01 7f761bcd PROVEN CAUGHT
2026-09-22 13:02 c38fad50 PROVEN DEAD DEAD CAUGHT CAUGHT CAUGHT
2026-09-22 13:02 6969410a PROVEN DEAD CAUGHT
2026-09-22 13:03 a0620d4c PROVEN CAUGHT
2026-09-22 13:03 009c2a88 PROVEN CAUGHT
2026-09-22 13:03 83f84ce5 PROVEN CAUGHT
2026-09-22 13:03 b4067e6e PROVEN CAUGHT
2026-09-22 13:04 65dfb6e6 PROVEN CAUGHT
2026-09-22 13:04 67762ac3 PROVEN CAUGHT
2026-09-22 13:04 db8eb03a PROVEN CAUGHT
2026-09-22 13:04 16a32812 PROVEN CAUGHT
2026-09-22 13:04 fdbd7f09 PROVEN CAUGHT
2026-09-22 13:04 29c97875 PROVEN CAUGHT
2026-09-22 13:05 27757507 PROVEN CAUGHT
2026-09-22 13:05 af7219a2 PROVEN CAUGHT
2026-09-22 13:05 a74277fa PROVEN CAUGHT
2026-09-22 13:05 a7b26057 PROVEN CAUGHT
2026-09-22 13:06 66f30364 PROVEN CAUGHT
2026-09-22 13:06 c5132492 PROVEN CAUGHT
2026-09-22 13:06 f8d8f199 PROVEN CAUGHT
2026-09-22 13:06 b6af256b PROVEN CAUGHT
2026-09-22 13:07 5469c356 PROVEN CAUGHT CAUGHT
2026-09-22 13:07 64938cdd PROVEN CAUGHT
2026-09-22 13:07 5cfe0adf PROVEN CAUGHT
2026-09-22 13:07 1c64a105 PROVEN CAUGHT
2026-09-22 13:07 d15ee317 PROVEN CAUGHT
2026-09-22 13:07 78d1bc1a PROVEN CAUGHT
2026-09-22 13:08 9eab3577 PROVEN CAUGHT
2026-09-22 13:08 71c3945d PROVEN CAUGHT CAUGHT
2026-09-22 13:08 1a578ff2 PROVEN CAUGHT
2026-09-22 19:07 52b01277 tests-only
2026-09-22 19:07 c2dc2fde tests-only
2026-09-22 19:09 c2dc2fde PROVEN DEAD CAUGHT CAUGHT CAUGHT CAUGHT CAUGHT
2026-09-22 19:12 52b01277 NOT-PROVEN DEAD CAUGHT CAUGHT CAUGHT CAUGHT CAUGHT NO-CONTROL CAUGHT CAUGHT CAUGHT CAUGHT
2026-09-25 22:48 4b24cf87 PROVEN CAUGHT
2026-09-25 22:48 54e10d86 tests-only
2026-09-25 22:53 4351d244 PROVEN CAUGHT CAUGHT CAUGHT CAUGHT CAUGHT CAUGHT CAUGHT CAUGHT CAUGHT CAUGHT CAUGHT CAUGHT CAUGHT CAUGHT CAUGHT CAUGHT CAUGHT CAUGHT CAUGHT CAUGHT DEAD CAUGHT CAUGHT CAUGHT CAUGHT CAUGHT CAUGHT CAUGHT CAUGHT CAUGHT CAUGHT CAUGHT CAUGHT
2026-09-25 22:54 1e11a796 PROVEN DEAD DEAD DEAD CAUGHT DEAD CAUGHT CAUGHT DEAD
2026-09-25 22:59 acf9c4ec PROVEN CAUGHT CAUGHT CAUGHT CAUGHT CAUGHT CAUGHT CAUGHT CAUGHT CAUGHT CAUGHT DEAD CAUGHT CAUGHT CAUGHT CAUGHT CAUGHT CAUGHT CAUGHT CAUGHT CAUGHT CAUGHT CAUGHT CAUGHT CAUGHT CAUGHT CAUGHT CAUGHT CAUGHT
2026-09-25 22:59 55f8f7ad PROVEN CAUGHT
2026-09-25 23:03 acf9c4ec PROVEN CAUGHT CAUGHT CAUGHT CAUGHT CAUGHT CAUGHT CAUGHT CAUGHT CAUGHT CAUGHT DEAD CAUGHT CAUGHT CAUGHT CAUGHT CAUGHT CAUGHT CAUGHT CAUGHT CAUGHT CAUGHT CAUGHT CAUGHT CAUGHT CAUGHT CAUGHT CAUGHT CAUGHT
2026-09-25 23:08 610d9904 PROVEN CAUGHT CAUGHT CAUGHT CAUGHT CAUGHT CAUGHT CAUGHT DEAD CAUGHT CAUGHT CAUGHT CAUGHT CAUGHT CAUGHT CAUGHT CAUGHT CAUGHT CAUGHT
2026-09-25 23:11 6b99c8e6 PROVEN CAUGHT CAUGHT CAUGHT CAUGHT CAUGHT CAUGHT CAUGHT CAUGHT CAUGHT CAUGHT CAUGHT CAUGHT CAUGHT CAUGHT CAUGHT CAUGHT CAUGHT CAUGHT CAUGHT CAUGHT CAUGHT CAUGHT CAUGHT CAUGHT CAUGHT DEAD
2026-09-25 23:20 e54fe3b4 PROVEN CAUGHT CAUGHT CAUGHT CAUGHT CAUGHT CAUGHT CAUGHT CAUGHT CAUGHT CAUGHT CAUGHT CAUGHT CAUGHT CAUGHT CAUGHT CAUGHT CAUGHT CAUGHT CAUGHT CAUGHT CAUGHT CAUGHT CAUGHT CAUGHT CAUGHT CAUGHT CAUGHT CAUGHT CAUGHT CAUGHT CAUGHT CAUGHT CAUGHT CAUGHT CAUGHT DEAD
2026-09-25 23:24 420913a3 PROVEN DEAD CAUGHT CAUGHT CAUGHT CAUGHT CAUGHT CAUGHT CAUGHT CAUGHT CAUGHT CAUGHT CAUGHT CAUGHT CAUGHT CAUGHT CAUGHT CAUGHT CAUGHT CAUGHT CAUGHT CAUGHT CAUGHT CAUGHT CAUGHT CAUGHT CAUGHT CAUGHT
2026-09-25 23:29 e17b1c6f PROVEN DEAD DEAD CAUGHT CAUGHT CAUGHT CAUGHT CAUGHT CAUGHT CAUGHT CAUGHT CAUGHT CAUGHT CAUGHT CAUGHT CAUGHT CAUGHT CAUGHT CAUGHT CAUGHT CAUGHT CAUGHT CAUGHT CAUGHT CAUGHT CAUGHT CAUGHT CAUGHT CAUGHT
2026-09-25 23:34 7135ec20 PROVEN DEAD CAUGHT DEAD CAUGHT CAUGHT CAUGHT CAUGHT CAUGHT CAUGHT CAUGHT CAUGHT CAUGHT CAUGHT CAUGHT CAUGHT CAUGHT CAUGHT CAUGHT CAUGHT CAUGHT CAUGHT CAUGHT CAUGHT CAUGHT CAUGHT CAUGHT CAUGHT CAUGHT CAUGHT CAUGHT CAUGHT CAUGHT CAUGHT CAUGHT CAUGHT CAUGHT
2026-09-25 23:40 7e104fa3 PROVEN DEAD CAUGHT CAUGHT CAUGHT CAUGHT CAUGHT CAUGHT CAUGHT CAUGHT CAUGHT CAUGHT CAUGHT CAUGHT CAUGHT CAUGHT CAUGHT CAUGHT CAUGHT CAUGHT CAUGHT CAUGHT CAUGHT CAUGHT CAUGHT CAUGHT CAUGHT CAUGHT CAUGHT CAUGHT CAUGHT CAUGHT CAUGHT CAUGHT CAUGHT CAUGHT
2026-09-25 23:46 eca6033a PROVEN CAUGHT DEAD DEAD CAUGHT CAUGHT CAUGHT CAUGHT CAUGHT CAUGHT CAUGHT CAUGHT CAUGHT CAUGHT CAUGHT CAUGHT CAUGHT CAUGHT CAUGHT CAUGHT CAUGHT CAUGHT CAUGHT CAUGHT CAUGHT CAUGHT CAUGHT CAUGHT CAUGHT CAUGHT CAUGHT CAUGHT CAUGHT CAUGHT CAUGHT CAUGHT CAUGHT CAUGHT CAUGHT
2026-09-26 00:03 249ff562 PROVEN DEAD DEAD DEAD DEAD CAUGHT CAUGHT CAUGHT CAUGHT CAUGHT CAUGHT CAUGHT CAUGHT CAUGHT CAUGHT CAUGHT CAUGHT CAUGHT CAUGHT CAUGHT CAUGHT CAUGHT CAUGHT CAUGHT CAUGHT CAUGHT CAUGHT CAUGHT CAUGHT CAUGHT CAUGHT CAUGHT CAUGHT CAUGHT CAUGHT
2026-09-26 00:04 ae17ba3f PROVEN DEAD CAUGHT
2026-09-26 00:07 8e713c55 PROVEN CAUGHT CAUGHT DEAD CAUGHT CAUGHT CAUGHT CAUGHT CAUGHT CAUGHT CAUGHT CAUGHT CAUGHT CAUGHT
2026-09-26 00:12 5f95e566 PROVEN CAUGHT CAUGHT CAUGHT CAUGHT CAUGHT CAUGHT CAUGHT DEAD CAUGHT CAUGHT CAUGHT CAUGHT CAUGHT CAUGHT CAUGHT CAUGHT DEAD CAUGHT CAUGHT CAUGHT CAUGHT CAUGHT CAUGHT CAUGHT CAUGHT CAUGHT CAUGHT CAUGHT CAUGHT CAUGHT CAUGHT
2026-09-26 00:15 8e713c55 PROVEN CAUGHT CAUGHT DEAD CAUGHT CAUGHT CAUGHT CAUGHT CAUGHT CAUGHT CAUGHT CAUGHT CAUGHT CAUGHT
2026-09-26 00:16 f13035a6 PROVEN CAUGHT CAUGHT
2026-09-26 00:25 d7cf107f PROVEN CAUGHT CAUGHT CAUGHT CAUGHT CAUGHT CAUGHT CAUGHT CAUGHT CAUGHT CAUGHT CAUGHT CAUGHT CAUGHT CAUGHT CAUGHT CAUGHT CAUGHT CAUGHT CAUGHT CAUGHT CAUGHT CAUGHT CAUGHT CAUGHT CAUGHT CAUGHT CAUGHT CAUGHT CAUGHT CAUGHT
2026-09-26 00:33 e9b21e43 PROVEN DEAD DEAD CAUGHT CAUGHT CAUGHT CAUGHT CAUGHT CAUGHT CAUGHT CAUGHT CAUGHT DEAD CAUGHT CAUGHT CAUGHT CAUGHT CAUGHT CAUGHT CAUGHT CAUGHT CAUGHT CAUGHT CAUGHT CAUGHT CAUGHT CAUGHT CAUGHT CAUGHT CAUGHT CAUGHT CAUGHT
2026-09-26 00:34 37e81fdf PROVEN CAUGHT DEAD DEAD DEAD DEAD
2026-09-26 00:42 f6fabd36 PROVEN DEAD CAUGHT DEAD CAUGHT CAUGHT CAUGHT CAUGHT CAUGHT CAUGHT CAUGHT CAUGHT CAUGHT CAUGHT CAUGHT CAUGHT CAUGHT CAUGHT CAUGHT CAUGHT CAUGHT CAUGHT CAUGHT CAUGHT CAUGHT CAUGHT CAUGHT CAUGHT CAUGHT CAUGHT CAUGHT CAUGHT
2026-09-26 00:44 52b01277 PROVEN DEAD CAUGHT CAUGHT CAUGHT CAUGHT CAUGHT CAUGHT CAUGHT CAUGHT CAUGHT CAUGHT
2026-09-26 05:50 4dfadb43 PROVEN DEAD DEAD DEAD CAUGHT CAUGHT CAUGHT CAUGHT CAUGHT CAUGHT CAUGHT CAUGHT CAUGHT CAUGHT CAUGHT CAUGHT CAUGHT CAUGHT CAUGHT CAUGHT CAUGHT CAUGHT CAUGHT CAUGHT CAUGHT
2026-09-26 05:57 f3d172b8 PROVEN DEAD CAUGHT CAUGHT CAUGHT CAUGHT CAUGHT CAUGHT CAUGHT CAUGHT CAUGHT CAUGHT CAUGHT CAUGHT CAUGHT CAUGHT CAUGHT CAUGHT CAUGHT CAUGHT CAUGHT CAUGHT CAUGHT CAUGHT CAUGHT CAUGHT
